"sum"|"d_year"|"p_brand1"
726427486.00|1992|"MFGR#2239"
705238959.00|1993|"MFGR#2239"
664145134.00|1994|"MFGR#2239"
713839336.00|1995|"MFGR#2239"
728492865.00|1996|"MFGR#2239"
733896532.00|1997|"MFGR#2239"
380255731.00|1998|"MFGR#2239"
