"c_city"|"s_city"|"d_year"|"revenue"
"UNITED KI1"|"UNITED KI1"|1997|63303088.00
"UNITED KI1"|"UNITED KI5"|1997|45388550.00
"UNITED KI5"|"UNITED KI1"|1997|44641976.00
"UNITED KI5"|"UNITED KI5"|1997|32600020.00
