"c_count"|"custdist"
10|65862
9|64276
11|62341
8|57169
12|55921
13|50141
19|46284
18|45673
20|45486
7|45146
14|45106
17|44302
15|43317
16|43150
21|42880
22|38954
23|33757
6|31467
24|27850
25|22445
5|18644
26|16999
27|12570
4|9360
28|8911
29|6222
30|4147
3|3705
31|2605
32|1715
2|1113
33|972
34|591
35|324
1|211
36|168
37|90
38|55
39|23
40|14
41|7
42|4
44|2
43|2
46|1
