"c_custkey"|"o_orderkey"|"o_orderdate"|"o_totalprice"|"sum"
128120|4722021|1994-04-07|544089.09|323.00
144617|3043270|1997-02-12|530604.44|317.00
13940|2232932|1997-04-13|522720.61|304.00
66790|2199712|1996-09-30|515531.82|327.00
46435|4745607|1997-07-03|508047.99|309.00
15272|3883783|1993-07-28|500241.33|302.00
146608|3342468|1994-06-12|499794.58|303.00
96103|5984582|1992-03-16|494398.79|312.00
24341|1474818|1992-11-15|491348.26|302.00
137446|5489475|1997-05-23|487763.25|311.00
107590|4267751|1994-11-04|485141.38|301.00
50008|2366755|1996-12-09|483891.26|302.00
15619|3767271|1996-08-07|480083.96|318.00
77260|1436544|1992-09-12|479499.43|307.00
109379|5746311|1996-10-10|478064.11|302.00
54602|5832321|1997-02-09|471220.08|307.00
105995|2096705|1994-07-03|469692.58|307.00
148885|2942469|1992-05-31|469630.44|313.00
114586|551136|1993-05-19|469605.59|308.00
105260|5296167|1996-09-06|469360.57|303.00
147197|1263015|1997-02-02|467149.67|320.00
64483|2745894|1996-07-04|466991.35|304.00
136573|2761378|1996-05-31|461282.73|301.00
16384|502886|1994-04-12|458378.92|312.00
117919|2869152|1996-06-20|456815.92|317.00
12251|735366|1993-11-24|455107.26|309.00
120098|1971680|1995-06-14|453451.23|308.00
66098|5007490|1992-08-07|453436.16|304.00
117076|4290656|1997-02-05|449545.85|301.00
129379|4720454|1997-06-07|448665.79|303.00
126865|4702759|1994-11-07|447606.65|320.00
88876|983201|1993-12-30|446717.46|304.00
36619|4806726|1995-01-17|446704.09|328.00
141823|2806245|1996-12-29|446269.12|310.00
53029|2662214|1993-08-13|446144.49|302.00
18188|3037414|1995-01-25|443807.22|308.00
66533|29158|1995-10-21|443576.50|305.00
37729|4134341|1995-06-29|441082.97|309.00
3566|2329187|1998-01-04|439803.36|304.00
45538|4527553|1994-05-22|436275.31|305.00
81581|4739650|1995-11-04|435405.90|305.00
119989|1544643|1997-09-20|434568.25|320.00
3680|3861123|1998-07-03|433525.97|301.00
113131|967334|1995-12-15|432957.75|301.00
141098|565574|1995-09-24|430986.69|301.00
93392|5200102|1997-01-22|425487.51|304.00
15631|1845057|1994-05-12|419879.59|302.00
112987|4439686|1996-09-17|418161.49|305.00
12599|4259524|1998-02-12|415200.61|304.00
105410|4478371|1996-03-05|412754.51|302.00
149842|5156581|1994-05-30|411329.35|302.00
10129|5849444|1994-03-21|409129.85|309.00
69904|1742403|1996-10-19|408513.00|305.00
17746|6882|1997-04-09|408446.93|303.00
13072|1481925|1998-03-15|399195.47|301.00
82441|857959|1994-02-07|382579.74|305.00
88703|2995076|1994-01-30|363812.12|302.00
